package main

import "github.com/bingoohuang/fntrace"

func A1() {
	defer fntrace.Trace()()
	B1()
}

func B1() {
	defer fntrace.Trace()()
	C1()
}

func C1() {
	defer fntrace.Trace()()
	D()
}

func D() {
	defer fntrace.Trace()()
}

func main() {
	defer fntrace.Trace()()
	A1()
}
